// Jest Snapshot v1, https://goo.gl/fbAQLP

exports[`<Course /> renders 1 app 1`] = `
<DocumentFragment>
  <div>
    <div />
  </div>
</DocumentFragment>
`;
